my first git

second write by dev branch
